
Allocating common symbols
Common symbol       size              file

ALARM_MONITOR_state_id
                    0x1               Alarm_Monitor.o
MAIN_ALGORITHM_state
                    0x4               Main_Algorithm.o
MAIN_ALGORITHM_state_id
                    0x1               main.o
PRESSURE_SENSOR_DRIVER_state_id
                    0x1               main.o
PRESSURE_SENSOR_DRIVER_state
                    0x4               Pressure_Sensor_Driver.o
ALARM_ACTUATOR_DRIVER_state_id
                    0x1               Alarm_Actuator_Driver.o
ALARM_ACTUATOR_DRIVER_state
                    0x4               Alarm_Actuator_Driver.o
ALARM_MONITOR_state
                    0x4               Alarm_Monitor.o

Memory Configuration

Name             Origin             Length             Attributes
flash            0x08000000         0x00020000         xr
sram             0x20000000         0x00005000         xrw
*default*        0x00000000         0xffffffff

Linker script and memory map


.text           0x08000000      0x4d4
 *(.vectors*)
 .vectors       0x08000000       0x1c startup.o
                0x08000000                vectors
 *(.text*)
 .text          0x0800001c       0xbc Alarm_Actuator_Driver.o
                0x0800001c                Alarm_Actuator_Driver_init
                0x08000028                Start_Alarm
                0x08000044                Stop_Alarm
                0x08000060                ST_ALARM_ACTUATOR_DRIVER_alarm_off
                0x08000090                ST_ALARM_ACTUATOR_DRIVER_alarm_on
                0x080000c0                ST_ALARM_ACTUATOR_DRIVER_waiting
 .text          0x080000d8       0x9c Alarm_Monitor.o
                0x080000d8                High_Pressure_Detected
                0x080000f4                ST_ALARM_MONITOR_alarm_off
                0x0800010c                ST_ALARM_MONITOR_alarm_on
                0x08000148                ST_ALARM_MONITOR_waiting
 .text          0x08000174      0x10c driver.o
                0x08000174                Delay
                0x08000198                getPressureVal
                0x080001b0                Set_Alarm_actuator
                0x08000200                GPIO_INITIALIZATION
 .text          0x08000280       0x98 main.o
                0x08000280                setup
                0x080002d8                main
 .text          0x08000318       0x78 Main_Algorithm.o
                0x08000318                Set_Pressure_Val
                0x08000348                ST_MAIN_ALGORITHM_high_pressure_detect
 .text          0x08000390       0x88 Pressure_Sensor_Driver.o
                0x08000390                Pressure_Sensor_Driver_init
                0x0800039c                ST_PRESSURE_SENSOR_DRIVER_reading
                0x080003ec                ST_PRESSURE_SENSOR_DRIVER_waiting
 .text          0x08000418       0xbc startup.o
                0x08000418                Bus_Fault_Handler
                0x08000418                H_Fault_Handler
                0x08000418                MM_Fault_Handler
                0x08000418                Usage_Fault_Handler
                0x08000418                Default_Handler
                0x08000418                NMI_Handler
                0x08000424                Reset_Handler
 *(.rodata)
                0x080004d4                _E_text = .

.glue_7         0x080004d4        0x0
 .glue_7        0x00000000        0x0 linker stubs

.glue_7t        0x080004d4        0x0
 .glue_7t       0x00000000        0x0 linker stubs

.vfp11_veneer   0x080004d4        0x0
 .vfp11_veneer  0x00000000        0x0 linker stubs

.v4_bx          0x080004d4        0x0
 .v4_bx         0x00000000        0x0 linker stubs

.iplt           0x080004d4        0x0
 .iplt          0x00000000        0x0 Alarm_Actuator_Driver.o

.rel.dyn        0x080004d4        0x0
 .rel.iplt      0x00000000        0x0 Alarm_Actuator_Driver.o

.data           0x20000000        0x8 load address 0x080004d4
                0x20000000                _S_data = .
 *(.data)
 .data          0x20000000        0x0 Alarm_Actuator_Driver.o
 .data          0x20000000        0x4 Alarm_Monitor.o
                0x20000000                Alarm_Period
 .data          0x20000004        0x0 driver.o
 .data          0x20000004        0x0 main.o
 .data          0x20000004        0x4 Main_Algorithm.o
                0x20000004                pThreshold
 .data          0x20000008        0x0 Pressure_Sensor_Driver.o
 .data          0x20000008        0x0 startup.o
                0x20000008                . = ALIGN (0x4)
                0x20000008                _E_data = .

.igot.plt       0x20000008        0x0 load address 0x080004dc
 .igot.plt      0x00000000        0x0 Alarm_Actuator_Driver.o

.bss            0x20000008     0x1024 load address 0x080004dc
                0x20000008                _S_bss = .
 *(.bss*)
 .bss           0x20000008        0x0 Alarm_Actuator_Driver.o
 .bss           0x20000008        0x0 Alarm_Monitor.o
 .bss           0x20000008        0x0 driver.o
 .bss           0x20000008        0x0 main.o
 .bss           0x20000008        0x4 Main_Algorithm.o
                0x20000008                Main_Algorithm_pVal
 .bss           0x2000000c        0x4 Pressure_Sensor_Driver.o
                0x2000000c                pSensor_Driver_pVal
 .bss           0x20000010        0x0 startup.o
                0x20000010                _E_bss = .
                0x20000010                . = ALIGN (0x4)
                0x20001010                . = (. + 0x1000)
 *fill*         0x20000010     0x1000 
                0x20001010                _stack_top = .
 COMMON         0x20001010        0x8 Alarm_Actuator_Driver.o
                0x20001010                ALARM_ACTUATOR_DRIVER_state_id
                0x20001014                ALARM_ACTUATOR_DRIVER_state
 COMMON         0x20001018        0x8 Alarm_Monitor.o
                0x20001018                ALARM_MONITOR_state_id
                0x2000101c                ALARM_MONITOR_state
 COMMON         0x20001020        0x2 main.o
                0x20001020                MAIN_ALGORITHM_state_id
                0x20001021                PRESSURE_SENSOR_DRIVER_state_id
 *fill*         0x20001022        0x2 
 COMMON         0x20001024        0x4 Main_Algorithm.o
                0x20001024                MAIN_ALGORITHM_state
 COMMON         0x20001028        0x4 Pressure_Sensor_Driver.o
                0x20001028                PRESSURE_SENSOR_DRIVER_state
LOAD Alarm_Actuator_Driver.o
LOAD Alarm_Monitor.o
LOAD driver.o
LOAD main.o
LOAD Main_Algorithm.o
LOAD Pressure_Sensor_Driver.o
LOAD startup.o
OUTPUT(HighPressureDetection.elf elf32-littlearm)

.debug_info     0x00000000      0x8a5
 .debug_info    0x00000000      0x147 Alarm_Actuator_Driver.o
 .debug_info    0x00000147      0x12d Alarm_Monitor.o
 .debug_info    0x00000274      0x103 driver.o
 .debug_info    0x00000377      0x18c main.o
 .debug_info    0x00000503      0x11c Main_Algorithm.o
 .debug_info    0x0000061f      0x112 Pressure_Sensor_Driver.o
 .debug_info    0x00000731      0x174 startup.o

.debug_abbrev   0x00000000      0x4ab
 .debug_abbrev  0x00000000       0xaa Alarm_Actuator_Driver.o
 .debug_abbrev  0x000000aa       0xaa Alarm_Monitor.o
 .debug_abbrev  0x00000154       0x9d driver.o
 .debug_abbrev  0x000001f1       0xa7 main.o
 .debug_abbrev  0x00000298       0xa5 Main_Algorithm.o
 .debug_abbrev  0x0000033d       0xaa Pressure_Sensor_Driver.o
 .debug_abbrev  0x000003e7       0xc4 startup.o

.debug_loc      0x00000000      0x424
 .debug_loc     0x00000000      0x108 Alarm_Actuator_Driver.o
 .debug_loc     0x00000108       0xb0 Alarm_Monitor.o
 .debug_loc     0x000001b8       0xc8 driver.o
 .debug_loc     0x00000280       0x58 main.o
 .debug_loc     0x000002d8       0x64 Main_Algorithm.o
 .debug_loc     0x0000033c       0x84 Pressure_Sensor_Driver.o
 .debug_loc     0x000003c0       0x64 startup.o

.debug_aranges  0x00000000       0xe0
 .debug_aranges
                0x00000000       0x20 Alarm_Actuator_Driver.o
 .debug_aranges
                0x00000020       0x20 Alarm_Monitor.o
 .debug_aranges
                0x00000040       0x20 driver.o
 .debug_aranges
                0x00000060       0x20 main.o
 .debug_aranges
                0x00000080       0x20 Main_Algorithm.o
 .debug_aranges
                0x000000a0       0x20 Pressure_Sensor_Driver.o
 .debug_aranges
                0x000000c0       0x20 startup.o

.debug_line     0x00000000      0x373
 .debug_line    0x00000000       0x74 Alarm_Actuator_Driver.o
 .debug_line    0x00000074       0x60 Alarm_Monitor.o
 .debug_line    0x000000d4       0x99 driver.o
 .debug_line    0x0000016d       0xb7 main.o
 .debug_line    0x00000224       0x63 Main_Algorithm.o
 .debug_line    0x00000287       0x70 Pressure_Sensor_Driver.o
 .debug_line    0x000002f7       0x7c startup.o

.debug_str      0x00000000      0x4a3
 .debug_str     0x00000000      0x19d Alarm_Actuator_Driver.o
                                0x233 (size before relaxing)
 .debug_str     0x0000019d       0xad Alarm_Monitor.o
                                0x1dd (size before relaxing)
 .debug_str     0x0000024a       0x55 driver.o
                                0x140 (size before relaxing)
 .debug_str     0x0000029f       0x7c main.o
                                0x2d1 (size before relaxing)
 .debug_str     0x0000031b       0x68 Main_Algorithm.o
                                0x1a9 (size before relaxing)
 .debug_str     0x00000383       0x8d Pressure_Sensor_Driver.o
                                0x1f3 (size before relaxing)
 .debug_str     0x00000410       0x93 startup.o
                                0x163 (size before relaxing)

.comment        0x00000000       0x11
 .comment       0x00000000       0x11 Alarm_Actuator_Driver.o
                                 0x12 (size before relaxing)
 .comment       0x00000000       0x12 Alarm_Monitor.o
 .comment       0x00000000       0x12 driver.o
 .comment       0x00000000       0x12 main.o
 .comment       0x00000000       0x12 Main_Algorithm.o
 .comment       0x00000000       0x12 Pressure_Sensor_Driver.o
 .comment       0x00000000       0x12 startup.o

.ARM.attributes
                0x00000000       0x33
 .ARM.attributes
                0x00000000       0x33 Alarm_Actuator_Driver.o
 .ARM.attributes
                0x00000033       0x33 Alarm_Monitor.o
 .ARM.attributes
                0x00000066       0x33 driver.o
 .ARM.attributes
                0x00000099       0x33 main.o
 .ARM.attributes
                0x000000cc       0x33 Main_Algorithm.o
 .ARM.attributes
                0x000000ff       0x33 Pressure_Sensor_Driver.o
 .ARM.attributes
                0x00000132       0x33 startup.o

.debug_frame    0x00000000      0x2d0
 .debug_frame   0x00000000       0xa8 Alarm_Actuator_Driver.o
 .debug_frame   0x000000a8       0x78 Alarm_Monitor.o
 .debug_frame   0x00000120       0x78 driver.o
 .debug_frame   0x00000198       0x48 main.o
 .debug_frame   0x000001e0       0x48 Main_Algorithm.o
 .debug_frame   0x00000228       0x5c Pressure_Sensor_Driver.o
 .debug_frame   0x00000284       0x4c startup.o
